[www.caesarstone.co.za/visualiser/index.html]
[backblue.gif]
[fade.gif]
[index.html]
[unpkg.com/@byondrnd/byondxr-web-visualizer-ui@2.1.32/build/index.css]
[ajax.googleapis.com/ajax/libs/angularjs/1.6.4/angular.min.js]
[unpkg.com/@byondrnd/byondxr-web-visualizer-ui@2.1.32/build/index.js]
[unpkg.com/@byondrnd/byondxr-web-visualizer@2.1.20/dist/index.js]
[www.caesarstone.co.za/scripts/za.js]
[chimpstatic.com/mcjs-connected/js/users/79bd2ec9db3cca0c0ccd4d263/9be12ce6b6613de22d84ddc47.js]
[www.caesarstone.co.za/scripts/cookieinfo.min.js]
[connect.facebook.net/en_US/fbevents.js]
[www.caesarstone.co.za/images/flags/ke.png]
[www.caesarstone.co.za/images/flags/za.png]
[www.caesarstone.co.za/images/flags/au.png]
[www.caesarstone.co.za/images/flags/cn.png]
[www.caesarstone.co.za/images/flags/id.png]
[www.caesarstone.co.za/images/flags/jp.png]
[www.caesarstone.co.za/images/flags/my.png]
[www.caesarstone.co.za/images/flags/ph.png]
[www.caesarstone.co.za/images/flags/sg.png]
[www.caesarstone.co.za/images/flags/th.png]
[www.caesarstone.co.za/images/flags/vn.png]
[www.caesarstone.co.za/images/flags/by.png]
[www.caesarstone.co.za/images/flags/be.png]
[www.caesarstone.co.za/images/flags/cy.png]
[www.caesarstone.co.za/images/flags/dk.png]
[www.caesarstone.co.za/images/flags/ee.png]
[www.caesarstone.co.za/images/flags/fi.png]
[www.caesarstone.co.za/images/flags/fr.png]
[www.caesarstone.co.za/images/flags/de.png]
[www.caesarstone.co.za/images/flags/gr.png]
[www.caesarstone.co.za/images/flags/it.png]
[www.caesarstone.co.za/images/flags/lv.png]
[www.caesarstone.co.za/images/flags/lt.png]
[www.caesarstone.co.za/images/flags/mt.png]
[www.caesarstone.co.za/images/flags/nl.png]
[www.caesarstone.co.za/images/flags/no.png]
[www.caesarstone.co.za/images/flags/pl.png]
[www.caesarstone.co.za/images/flags/pt.png]
[www.caesarstone.co.za/images/flags/se.png]
[www.caesarstone.co.za/images/flags/tr.png]
[www.caesarstone.co.za/images/flags/gb.png]
[www.caesarstone.co.za/images/flags/ar.png]
[www.caesarstone.co.za/images/flags/br.png]
[www.caesarstone.co.za/images/flags/co.png]
[www.caesarstone.co.za/images/flags/mx.png]
[www.caesarstone.co.za/images/flags/pa.png]
[www.caesarstone.co.za/images/flags/pe.png]
[www.caesarstone.co.za/images/flags/il.png]
[www.caesarstone.co.za/images/flags/ca.png]
[www.caesarstone.co.za/images/flags/us.png]
[www.caesarstone.co.za/visualiser/index.html]
[unpkg.com/@byondrnd/byondxr-web-visualizer-ui@2.1.32/build/index.css]
[www.googletagmanager.com/gtm5445.html]
[www.caesarstone.co.za/visualiser/c]
[www.caesarstone.co.za/visualiser/b]
[www.caesarstone.co.za/visualiser/POST]
[connect.facebook.net/en_US/fbevents.js]
[www.caesarstone.co.za/images/flags/mu.html]
[www.caesarstone.co.za/images/flags/AZ.html]
[www.caesarstone.co.za/images/flags/in.html]
[www.caesarstone.co.za/images/flags/kz.html]
[www.caesarstone.co.za/images/flags/nz.html]
[www.caesarstone.co.za/images/flags/tw.html]
[www.caesarstone.co.za/images/flags/AT.html]
[www.caesarstone.co.za/images/flags/cz.html]
[www.caesarstone.co.za/images/flags/hu.html]
[www.caesarstone.co.za/images/flags/ch.html]
[www.caesarstone.co.za/images/flags/ua.html]
[www.caesarstone.co.za/images/flags/ae.html]
[www.caesarstone.co.za/visualiser/c.html]
[www.caesarstone.co.za/visualiser/b.html]
[www.caesarstone.co.za/visualiser/POST.html]
